items:
- creationTime: "0001-01-01T00:00:00Z"
  labels:
    k8s.kuma.io/namespace: kuma-system
  mesh: mesh-1
  modificationTime: "0001-01-01T00:00:00Z"
  name: mt-1
  spec:
    targetRef:
      kind: Mesh
    to:
    - default:
        connectionTimeout: 10s
      targetRef:
        kind: Mesh
  type: MeshTimeout
- creationTime: "0001-01-01T00:00:00Z"
  labels:
    k8s.kuma.io/namespace: backend-ns
  mesh: mesh-1
  modificationTime: "0001-01-01T00:00:00Z"
  name: mt-2
  spec:
    targetRef:
      kind: Mesh
    to:
    - default:
        connectionTimeout: 2s
      targetRef:
        kind: Mesh
  type: MeshTimeout
next: null
total: 0
