Rules:
  127.0.0.1:80:
  - Conf:
      action: Allow
    Origin:
    - creationTime: "0001-01-01T00:00:00Z"
      mesh: default
      modificationTime: "0001-01-01T00:00:00Z"
      name: mtp
      type: MeshTrafficPermission
    Subset:
    - Key: __resource-name__
      Not: false
      Value: c
  - Conf:
      action: Deny
    Origin:
    - creationTime: "0001-01-01T00:00:00Z"
      mesh: default
      modificationTime: "0001-01-01T00:00:00Z"
      name: mtp
      type: MeshTrafficPermission
    Subset:
    - Key: __resource-name__
      Not: false
      Value: b
  - Conf:
      action: Deny
    Origin:
    - creationTime: "0001-01-01T00:00:00Z"
      mesh: default
      modificationTime: "0001-01-01T00:00:00Z"
      name: mtp
      type: MeshTrafficPermission
    Subset:
    - Key: __resource-name__
      Not: false
      Value: a
  - Conf:
      action: AllowWithShadowDeny
    Origin:
    - creationTime: "0001-01-01T00:00:00Z"
      mesh: default
      modificationTime: "0001-01-01T00:00:00Z"
      name: mtp
      type: MeshTrafficPermission
    Subset:
    - Key: __resource-name__
      Not: true
      Value: a
    - Key: __resource-name__
      Not: true
      Value: b
    - Key: __resource-name__
      Not: true
      Value: c
