Rules:
- Conf:
    http:
      numRetries: 10
      perTryTimeout: 20s
    tcp:
      maxConnectAttempt: 5
  Origin:
  - creationTime: "0001-01-01T00:00:00Z"
    mesh: mesh-1
    modificationTime: "0001-01-01T00:00:00Z"
    name: retry-1
    type: MeshRetry
  Subset:
  - Key: __resource-name__
    Not: false
    Value: backend
- Conf:
    http:
      perTryTimeout: 20s
    tcp:
      maxConnectAttempt: 5
  Origin:
  - creationTime: "0001-01-01T00:00:00Z"
    mesh: mesh-1
    modificationTime: "0001-01-01T00:00:00Z"
    name: retry-1
    type: MeshRetry
  Subset:
  - Key: __resource-name__
    Not: true
    Value: backend
