{
 "type": "/std-errors",
 "status": 400,
 "title": "Bad Request",
 "detail": "bad request: Invalid outbound KRI",
 "details": "bad request: Invalid outbound KRI"
}
