{
 "type": "/std-errors",
 "status": 400,
 "title": "Bad Request",
 "detail": "bad request: Invalid inbound KRI",
 "details": "bad request: Invalid inbound KRI"
}
